// Jest Snapshot v1, https://goo.gl/fbAQLP

exports[`Get users Success 1`] = `
Array [
  "1",
  "2",
]
`;
